#
# There is insufficient memory for the Java Runtime Environment to continue.
# Native memory allocation (malloc) failed to allocate 990256 bytes. Error detail: Chunk::new
# Possible reasons:
#   The system is out of physical RAM or swap space
#   This process is running with CompressedOops enabled, and the Java Heap may be blocking the growth of the native heap
# Possible solutions:
#   Reduce memory load on the system
#   Increase physical memory or swap space
#   Check if swap backing store is full
#   Decrease Java heap size (-Xmx/-Xms)
#   Decrease number of Java threads
#   Decrease Java thread stack sizes (-Xss)
#   Set larger code cache with -XX:ReservedCodeCacheSize=
#   JVM is running with Unscaled Compressed Oops mode in which the Java heap is
#     placed in the first 4GB address space. The Java Heap base address is the
#     maximum limit for the native heap growth. Please use -XX:HeapBaseMinAddress
#     to set the Java Heap base and to place the Java Heap above 4GB virtual address.
# This output file may be truncated or incomplete.
#
#  Out of Memory Error (arena.cpp:168), pid=19412, tid=26392
#
# JRE version: OpenJDK Runtime Environment Temurin-21.0.9+10 (21.0.9+10) (build 21.0.9+10-LTS)
# Java VM: OpenJDK 64-Bit Server VM Temurin-21.0.9+10 (21.0.9+10-LTS, mixed mode, sharing, tiered, compressed oops, compressed class ptrs, parallel gc, windows-amd64)
# No core dump will be written. Minidumps are not enabled by default on client versions of Windows
#

---------------  S U M M A R Y ------------

Command Line: --add-modules=ALL-SYSTEM --add-opens=java.base/java.util=ALL-UNNAMED --add-opens=java.base/java.lang=ALL-UNNAMED --add-opens=java.base/sun.nio.fs=ALL-UNNAMED -Declipse.application=org.eclipse.jdt.ls.core.id1 -Dosgi.bundles.defaultStartLevel=4 -Declipse.product=org.eclipse.jdt.ls.core.product -Djava.import.generatesMetadataFilesAtProjectRoot=false -DDetectVMInstallationsJob.disabled=true -Dfile.encoding=utf8 -XX:+UseParallelGC -XX:GCTimeRatio=4 -XX:AdaptiveSizePolicyWeight=90 -Dsun.zip.disableMemoryMapping=true -Xmx2G -Xms100m -Xlog:disable -javaagent:c:\Users\FPTSHOP\.vscode\extensions\redhat.java-1.50.0-win32-x64\lombok\lombok-1.18.39-4050.jar c:\Users\FPTSHOP\.vscode\extensions\redhat.java-1.50.0-win32-x64\server\plugins\org.eclipse.equinox.launcher_1.7.100.v20251111-0406.jar -configuration c:\Users\FPTSHOP\AppData\Roaming\Code\User\globalStorage\redhat.java\1.50.0\config_ss_win -data c:\Users\FPTSHOP\AppData\Roaming\Code\User\workspaceStorage\aea961212af434afa66a73f95d6a1baf\redhat.java\ss_ws --pipe=\\.\pipe\lsp-cb77e1e92c85c82d56438ec963ebd17d-sock

Host: AMD Ryzen 5 5600H with Radeon Graphics         , 12 cores, 15G,  Windows 11 , 64 bit Build 22621 (10.0.22621.5262)
Time: Sun Dec  7 17:45:48 2025 SE Asia Standard Time elapsed time: 7.448643 seconds (0d 0h 0m 7s)

---------------  T H R E A D  ---------------

Current thread (0x000002981a48cd30):  JavaThread "C2 CompilerThread1" daemon [_thread_in_native, id=26392, stack(0x0000009a37500000,0x0000009a37600000) (1024K)]


Current CompileTask:
C2:7448 2784       4       java.lang.invoke.MethodType::makeImpl (109 bytes)

Stack: [0x0000009a37500000,0x0000009a37600000]
Native frames: (J=compiled Java code, j=interpreted, Vv=VM code, C=native code)
V  [jvm.dll+0x6d6e29]
V  [jvm.dll+0x8b4b76]
V  [jvm.dll+0x8b712e]
V  [jvm.dll+0x8b7813]
V  [jvm.dll+0x283d86]
V  [jvm.dll+0xc66ed]
V  [jvm.dll+0xc6c31]
V  [jvm.dll+0x3be501]
V  [jvm.dll+0x1e3b52]
V  [jvm.dll+0x24c0f3]
V  [jvm.dll+0x24b580]
V  [jvm.dll+0x1cb13e]
V  [jvm.dll+0x25b29d]
V  [jvm.dll+0x25982a]
V  [jvm.dll+0x3f7ea6]
V  [jvm.dll+0x85e9ad]
V  [jvm.dll+0x6d565d]
C  [ucrtbase.dll+0x29333]
C  [KERNEL32.DLL+0x1259d]
C  [ntdll.dll+0x5af58]


---------------  P R O C E S S  ---------------

Threads class SMR info:
_java_thread_list=0x000002981ffe9160, length=20, elements={
0x00000297c02b3b20, 0x00000297c03573a0, 0x00000297d6d5d250, 0x00000297c035b450,
0x00000297c035c360, 0x00000297c035ff30, 0x00000297c0361c20, 0x00000297c0362a50,
0x00000297c0369a40, 0x0000029819353860, 0x000002981a100e60, 0x000002981a5dc4d0,
0x000002981a633b60, 0x000002981a5698e0, 0x000002981a133c90, 0x000002981a48cd30,
0x000002981a42fc10, 0x000002981f099540, 0x000002981f06fcc0, 0x0000029820361290
}

Java Threads: ( => current thread )
  0x00000297c02b3b20 JavaThread "main"                              [_thread_blocked, id=21796, stack(0x0000009a35c00000,0x0000009a35d00000) (1024K)]
  0x00000297c03573a0 JavaThread "Reference Handler"          daemon [_thread_blocked, id=24824, stack(0x0000009a36000000,0x0000009a36100000) (1024K)]
  0x00000297d6d5d250 JavaThread "Finalizer"                  daemon [_thread_blocked, id=12236, stack(0x0000009a36100000,0x0000009a36200000) (1024K)]
  0x00000297c035b450 JavaThread "Signal Dispatcher"          daemon [_thread_blocked, id=9100, stack(0x0000009a36200000,0x0000009a36300000) (1024K)]
  0x00000297c035c360 JavaThread "Attach Listener"            daemon [_thread_blocked, id=25120, stack(0x0000009a36300000,0x0000009a36400000) (1024K)]
  0x00000297c035ff30 JavaThread "Service Thread"             daemon [_thread_blocked, id=21712, stack(0x0000009a36400000,0x0000009a36500000) (1024K)]
  0x00000297c0361c20 JavaThread "Monitor Deflation Thread"   daemon [_thread_blocked, id=17228, stack(0x0000009a36500000,0x0000009a36600000) (1024K)]
  0x00000297c0362a50 JavaThread "C2 CompilerThread0"         daemon [_thread_in_native, id=13220, stack(0x0000009a36600000,0x0000009a36700000) (1024K)]
  0x00000297c0369a40 JavaThread "C1 CompilerThread0"         daemon [_thread_blocked, id=10952, stack(0x0000009a36700000,0x0000009a36800000) (1024K)]
  0x0000029819353860 JavaThread "Common-Cleaner"             daemon [_thread_blocked, id=13756, stack(0x0000009a36900000,0x0000009a36a00000) (1024K)]
  0x000002981a100e60 JavaThread "Notification Thread"        daemon [_thread_blocked, id=16496, stack(0x0000009a36a00000,0x0000009a36b00000) (1024K)]
  0x000002981a5dc4d0 JavaThread "Active Thread: Equinox Container: 411397c2-bc26-41be-b18a-efb8bafb8224"        [_thread_blocked, id=28104, stack(0x0000009a37200000,0x0000009a37300000) (1024K)]
  0x000002981a633b60 JavaThread "Framework Event Dispatcher: Equinox Container: 411397c2-bc26-41be-b18a-efb8bafb8224" daemon [_thread_blocked, id=26648, stack(0x0000009a36800000,0x0000009a36900000) (1024K)]
  0x000002981a5698e0 JavaThread "Start Level: Equinox Container: 411397c2-bc26-41be-b18a-efb8bafb8224" daemon [_thread_in_Java, id=11528, stack(0x0000009a37100000,0x0000009a37200000) (1024K)]
  0x000002981a133c90 JavaThread "SCR Component Actor"        daemon [_thread_blocked, id=23664, stack(0x0000009a37400000,0x0000009a37500000) (1024K)]
=>0x000002981a48cd30 JavaThread "C2 CompilerThread1"         daemon [_thread_in_native, id=26392, stack(0x0000009a37500000,0x0000009a37600000) (1024K)]
  0x000002981a42fc10 JavaThread "Worker-JM"                         [_thread_blocked, id=22232, stack(0x0000009a37700000,0x0000009a37800000) (1024K)]
  0x000002981f099540 JavaThread "Worker-0"                          [_thread_blocked, id=13460, stack(0x0000009a37a00000,0x0000009a37b00000) (1024K)]
  0x000002981f06fcc0 JavaThread "Worker-1"                          [_thread_blocked, id=19576, stack(0x0000009a37b00000,0x0000009a37c00000) (1024K)]
  0x0000029820361290 JavaThread "C2 CompilerThread2"         daemon [_thread_blocked, id=24132, stack(0x0000009a37600000,0x0000009a37700000) (1024K)]
Total: 20

Other Threads:
  0x0000029819140d70 VMThread "VM Thread"                           [id=23788, stack(0x0000009a35f00000,0x0000009a36000000) (1024K)]
  0x00000297c031fb90 WatcherThread "VM Periodic Task Thread"        [id=14236, stack(0x0000009a35e00000,0x0000009a35f00000) (1024K)]
  0x00000297c02d1f60 WorkerThread "GC Thread#0"                     [id=15932, stack(0x0000009a35d00000,0x0000009a35e00000) (1024K)]
  0x000002981a43a150 WorkerThread "GC Thread#1"                     [id=19564, stack(0x0000009a36b00000,0x0000009a36c00000) (1024K)]
  0x000002981a519730 WorkerThread "GC Thread#2"                     [id=20248, stack(0x0000009a36c00000,0x0000009a36d00000) (1024K)]
  0x000002981a519ad0 WorkerThread "GC Thread#3"                     [id=24928, stack(0x0000009a36d00000,0x0000009a36e00000) (1024K)]
  0x000002981a535370 WorkerThread "GC Thread#4"                     [id=4568, stack(0x0000009a36e00000,0x0000009a36f00000) (1024K)]
  0x000002981a535710 WorkerThread "GC Thread#5"                     [id=29088, stack(0x0000009a36f00000,0x0000009a37000000) (1024K)]
  0x000002981a535ab0 WorkerThread "GC Thread#6"                     [id=19392, stack(0x0000009a37000000,0x0000009a37100000) (1024K)]
  0x000002981a110c90 WorkerThread "GC Thread#7"                     [id=29372, stack(0x0000009a37300000,0x0000009a37400000) (1024K)]
  0x000002981f0ebc60 WorkerThread "GC Thread#8"                     [id=20004, stack(0x0000009a37800000,0x0000009a37900000) (1024K)]
  0x000002981f0ec000 WorkerThread "GC Thread#9"                     [id=20512, stack(0x0000009a37900000,0x0000009a37a00000) (1024K)]
Total: 12

Threads with active compile tasks:
C2 CompilerThread0  7467 2556       4       org.lombokweb.asm.ClassReader::readMethod (1070 bytes)
C2 CompilerThread1  7467 2784       4       java.lang.invoke.MethodType::makeImpl (109 bytes)
Total: 2

VM state: not at safepoint (normal execution)

VM Mutex/Monitor currently owned by a thread: None

Heap address: 0x0000000080000000, size: 2048 MB, Compressed Oops mode: 32-bit

CDS archive(s) mapped at: [0x00000297d7000000-0x00000297d7ba0000-0x00000297d7ba0000), size 12189696, SharedBaseAddress: 0x00000297d7000000, ArchiveRelocationMode: 1.
Compressed class space mapped at: 0x00000297d8000000-0x0000029818000000, reserved size: 1073741824
Narrow klass base: 0x00000297d7000000, Narrow klass shift: 0, Narrow klass range: 0x100000000

GC Precious Log:
 CardTable entry size: 512
 CPUs: 12 total, 12 available
 Memory: 15724M
 Large Page Support: Disabled
 NUMA Support: Disabled
 Compressed Oops: Enabled (32-bit)
 Alignments: Space 512K, Generation 512K, Heap 2M
 Heap Min Capacity: 100M
 Heap Initial Capacity: 100M
 Heap Max Capacity: 2G
 Pre-touch: Disabled
 Parallel Workers: 10

Heap:
 PSYoungGen      total 30720K, used 14489K [0x00000000d5580000, 0x00000000d7900000, 0x0000000100000000)
  eden space 25088K, 57% used [0x00000000d5580000,0x00000000d63a6498,0x00000000d6e00000)
  from space 5632K, 0% used [0x00000000d7380000,0x00000000d7380000,0x00000000d7900000)
  to   space 5632K, 0% used [0x00000000d6e00000,0x00000000d6e00000,0x00000000d7380000)
 ParOldGen       total 68608K, used 10022K [0x0000000080000000, 0x0000000084300000, 0x00000000d5580000)
  object space 68608K, 14% used [0x0000000080000000,0x00000000809c98c8,0x0000000084300000)
 Metaspace       used 23582K, committed 24256K, reserved 1114112K
  class space    used 2287K, committed 2560K, reserved 1048576K

Card table byte_map: [0x00000297bfc80000,0x00000297c0090000] _byte_map_base: 0x00000297bf880000

Marking Bits: (ParMarkBitMap*) 0x00007ffee7f32460
 Begin Bits: [0x00000297d2760000, 0x00000297d4760000)
 End Bits:   [0x00000297d4760000, 0x00000297d6760000)

Polling page: 0x00000297bfa70000

Metaspace:

Usage:
  Non-class:     20.80 MB used.
      Class:      2.23 MB used.
       Both:     23.03 MB used.

Virtual space:
  Non-class space:       64.00 MB reserved,      21.19 MB ( 33%) committed,  1 nodes.
      Class space:        1.00 GB reserved,       2.50 MB ( <1%) committed,  1 nodes.
             Both:        1.06 GB reserved,      23.69 MB (  2%) committed. 

Chunk freelists:
   Non-Class:  10.50 MB
       Class:  13.44 MB
        Both:  23.94 MB

MaxMetaspaceSize: unlimited
CompressedClassSpaceSize: 1.00 GB
Initial GC threshold: 21.00 MB
Current GC threshold: 35.00 MB
CDS: on
 - commit_granule_bytes: 65536.
 - commit_granule_words: 8192.
 - virtual_space_node_default_size: 8388608.
 - enlarge_chunks_in_place: 1.
 - use_allocation_guard: 0.


Internal statistics:

num_allocs_failed_limit: 3.
num_arena_births: 502.
num_arena_deaths: 14.
num_vsnodes_births: 2.
num_vsnodes_deaths: 0.
num_space_committed: 379.
num_space_uncommitted: 0.
num_chunks_returned_to_freelist: 17.
num_chunks_taken_from_freelist: 1350.
num_chunk_merges: 8.
num_chunk_splits: 887.
num_chunks_enlarged: 573.
num_inconsistent_stats: 0.

CodeHeap 'non-profiled nmethods': size=120000Kb used=1263Kb max_used=1263Kb free=118737Kb
 bounds [0x00000297caf80000, 0x00000297cb1f0000, 0x00000297d24b0000]
CodeHeap 'profiled nmethods': size=120000Kb used=5915Kb max_used=5915Kb free=114084Kb
 bounds [0x00000297c34b0000, 0x00000297c3a80000, 0x00000297ca9e0000]
CodeHeap 'non-nmethods': size=5760Kb used=1316Kb max_used=1331Kb free=4443Kb
 bounds [0x00000297ca9e0000, 0x00000297cac50000, 0x00000297caf80000]
CodeCache: size=245760Kb, used=8494Kb, max_used=8509Kb, free=237264Kb
 total_blobs=3582, nmethods=2981, adapters=507, full_count=0
Compilation: enabled, stopped_count=0, restarted_count=0

Compilation events (20 events):
Event: 7.436 Thread 0x00000297c0369a40 2931       3       java.lang.Class::arrayContentsEq (70 bytes)
Event: 7.437 Thread 0x00000297c0369a40 nmethod 2931 0x00000297c3a61790 code [0x00000297c3a61980, 0x00000297c3a61da8]
Event: 7.437 Thread 0x00000297c0369a40 2932       3       java.nio.Buffer::nextGetIndex (32 bytes)
Event: 7.437 Thread 0x00000297c0369a40 nmethod 2932 0x00000297c3a61f10 code [0x00000297c3a620c0, 0x00000297c3a62290]
Event: 7.437 Thread 0x00000297c0369a40 2933       3       java.nio.charset.Charset::checkName (157 bytes)
Event: 7.438 Thread 0x00000297c0369a40 nmethod 2933 0x00000297c3a62390 code [0x00000297c3a62600, 0x00000297c3a631f0]
Event: 7.439 Thread 0x00000297c0369a40 2934       3       java.nio.ByteBuffer::limit (8 bytes)
Event: 7.439 Thread 0x00000297c0369a40 nmethod 2934 0x00000297c3a63610 code [0x00000297c3a637c0, 0x00000297c3a63910]
Event: 7.441 Thread 0x00000297c0369a40 2935       3       java.lang.Class::getReflectionFactory (28 bytes)
Event: 7.441 Thread 0x00000297c0369a40 nmethod 2935 0x00000297c3a63990 code [0x00000297c3a63bc0, 0x00000297c3a64230]
Event: 7.442 Thread 0x00000297c0369a40 2938  s!   3       jdk.internal.loader.URLClassPath::getLoader (194 bytes)
Event: 7.443 Thread 0x00000297c0369a40 nmethod 2938 0x00000297c3a64510 code [0x00000297c3a64800, 0x00000297c3a659f8]
Event: 7.443 Thread 0x00000297c0369a40 2941       3       java.util.TreeMap::getEntryUsingComparator (74 bytes)
Event: 7.443 Thread 0x00000297c0369a40 nmethod 2941 0x00000297c3a66190 code [0x00000297c3a66360, 0x00000297c3a666f8]
Event: 7.443 Thread 0x00000297c0369a40 2942       1       java.util.concurrent.CopyOnWriteArrayList::getArray (5 bytes)
Event: 7.443 Thread 0x00000297c0369a40 nmethod 2942 0x00000297cb0b6290 code [0x00000297cb0b6420, 0x00000297cb0b64e8]
Event: 7.443 Thread 0x00000297c0369a40 2943       3       java.lang.Class::reflectionData (43 bytes)
Event: 7.443 Thread 0x00000297c0369a40 nmethod 2943 0x00000297c3a66810 code [0x00000297c3a669e0, 0x00000297c3a66dd8]
Event: 7.443 Thread 0x00000297c0369a40 2944       3       java.util.TreeMap::getEntry (77 bytes)
Event: 7.443 Thread 0x00000297c0369a40 nmethod 2944 0x00000297c3a66f10 code [0x00000297c3a67120, 0x00000297c3a67780]

GC Heap History (14 events):
Event: 1.210 GC heap before
{Heap before GC invocations=1 (full 0):
 PSYoungGen      total 29696K, used 25600K [0x00000000d5580000, 0x00000000d7680000, 0x0000000100000000)
  eden space 25600K, 100% used [0x00000000d5580000,0x00000000d6e80000,0x00000000d6e80000)
  from space 4096K, 0% used [0x00000000d7280000,0x00000000d7280000,0x00000000d7680000)
  to   space 4096K, 0% used [0x00000000d6e80000,0x00000000d6e80000,0x00000000d7280000)
 ParOldGen       total 68608K, used 0K [0x0000000080000000, 0x0000000084300000, 0x00000000d5580000)
  object space 68608K, 0% used [0x0000000080000000,0x0000000080000000,0x0000000084300000)
 Metaspace       used 4347K, committed 4608K, reserved 1114112K
  class space    used 473K, committed 576K, reserved 1048576K
}
Event: 1.217 GC heap after
{Heap after GC invocations=1 (full 0):
 PSYoungGen      total 29696K, used 3287K [0x00000000d5580000, 0x00000000d7680000, 0x0000000100000000)
  eden space 25600K, 0% used [0x00000000d5580000,0x00000000d5580000,0x00000000d6e80000)
  from space 4096K, 80% used [0x00000000d6e80000,0x00000000d71b5e88,0x00000000d7280000)
  to   space 4096K, 0% used [0x00000000d7280000,0x00000000d7280000,0x00000000d7680000)
 ParOldGen       total 68608K, used 16K [0x0000000080000000, 0x0000000084300000, 0x00000000d5580000)
  object space 68608K, 0% used [0x0000000080000000,0x0000000080004000,0x0000000084300000)
 Metaspace       used 4347K, committed 4608K, reserved 1114112K
  class space    used 473K, committed 576K, reserved 1048576K
}
Event: 5.990 GC heap before
{Heap before GC invocations=2 (full 0):
 PSYoungGen      total 29696K, used 28887K [0x00000000d5580000, 0x00000000d7680000, 0x0000000100000000)
  eden space 25600K, 100% used [0x00000000d5580000,0x00000000d6e80000,0x00000000d6e80000)
  from space 4096K, 80% used [0x00000000d6e80000,0x00000000d71b5e88,0x00000000d7280000)
  to   space 4096K, 0% used [0x00000000d7280000,0x00000000d7280000,0x00000000d7680000)
 ParOldGen       total 68608K, used 16K [0x0000000080000000, 0x0000000084300000, 0x00000000d5580000)
  object space 68608K, 0% used [0x0000000080000000,0x0000000080004000,0x0000000084300000)
 Metaspace       used 8290K, committed 8576K, reserved 1114112K
  class space    used 883K, committed 1024K, reserved 1048576K
}
Event: 5.994 GC heap after
{Heap after GC invocations=2 (full 0):
 PSYoungGen      total 29696K, used 4086K [0x00000000d5580000, 0x00000000d7680000, 0x0000000100000000)
  eden space 25600K, 0% used [0x00000000d5580000,0x00000000d5580000,0x00000000d6e80000)
  from space 4096K, 99% used [0x00000000d7280000,0x00000000d767d810,0x00000000d7680000)
  to   space 4096K, 0% used [0x00000000d6e80000,0x00000000d6e80000,0x00000000d7280000)
 ParOldGen       total 68608K, used 929K [0x0000000080000000, 0x0000000084300000, 0x00000000d5580000)
  object space 68608K, 1% used [0x0000000080000000,0x00000000800e86b8,0x0000000084300000)
 Metaspace       used 8290K, committed 8576K, reserved 1114112K
  class space    used 883K, committed 1024K, reserved 1048576K
}
Event: 6.489 GC heap before
{Heap before GC invocations=3 (full 0):
 PSYoungGen      total 29696K, used 29686K [0x00000000d5580000, 0x00000000d7680000, 0x0000000100000000)
  eden space 25600K, 100% used [0x00000000d5580000,0x00000000d6e80000,0x00000000d6e80000)
  from space 4096K, 99% used [0x00000000d7280000,0x00000000d767d810,0x00000000d7680000)
  to   space 4096K, 0% used [0x00000000d6e80000,0x00000000d6e80000,0x00000000d7280000)
 ParOldGen       total 68608K, used 929K [0x0000000080000000, 0x0000000084300000, 0x00000000d5580000)
  object space 68608K, 1% used [0x0000000080000000,0x00000000800e86b8,0x0000000084300000)
 Metaspace       used 13062K, committed 13568K, reserved 1114112K
  class space    used 1384K, committed 1600K, reserved 1048576K
}
Event: 6.493 GC heap after
{Heap after GC invocations=3 (full 0):
 PSYoungGen      total 29696K, used 4070K [0x00000000d5580000, 0x00000000d7680000, 0x0000000100000000)
  eden space 25600K, 0% used [0x00000000d5580000,0x00000000d5580000,0x00000000d6e80000)
  from space 4096K, 99% used [0x00000000d6e80000,0x00000000d7279a90,0x00000000d7280000)
  to   space 4096K, 0% used [0x00000000d7280000,0x00000000d7280000,0x00000000d7680000)
 ParOldGen       total 68608K, used 2783K [0x0000000080000000, 0x0000000084300000, 0x00000000d5580000)
  object space 68608K, 4% used [0x0000000080000000,0x00000000802b7f28,0x0000000084300000)
 Metaspace       used 13062K, committed 13568K, reserved 1114112K
  class space    used 1384K, committed 1600K, reserved 1048576K
}
Event: 6.785 GC heap before
{Heap before GC invocations=4 (full 0):
 PSYoungGen      total 29696K, used 29631K [0x00000000d5580000, 0x00000000d7680000, 0x0000000100000000)
  eden space 25600K, 99% used [0x00000000d5580000,0x00000000d6e764e0,0x00000000d6e80000)
  from space 4096K, 99% used [0x00000000d6e80000,0x00000000d7279a90,0x00000000d7280000)
  to   space 4096K, 0% used [0x00000000d7280000,0x00000000d7280000,0x00000000d7680000)
 ParOldGen       total 68608K, used 2783K [0x0000000080000000, 0x0000000084300000, 0x00000000d5580000)
  object space 68608K, 4% used [0x0000000080000000,0x00000000802b7f28,0x0000000084300000)
 Metaspace       used 15917K, committed 16512K, reserved 1114112K
  class space    used 1658K, committed 1920K, reserved 1048576K
}
Event: 6.787 GC heap after
{Heap after GC invocations=4 (full 0):
 PSYoungGen      total 29696K, used 4095K [0x00000000d5580000, 0x00000000d7680000, 0x0000000100000000)
  eden space 25600K, 0% used [0x00000000d5580000,0x00000000d5580000,0x00000000d6e80000)
  from space 4096K, 99% used [0x00000000d7280000,0x00000000d767fd80,0x00000000d7680000)
  to   space 4096K, 0% used [0x00000000d6e80000,0x00000000d6e80000,0x00000000d7280000)
 ParOldGen       total 68608K, used 4627K [0x0000000080000000, 0x0000000084300000, 0x00000000d5580000)
  object space 68608K, 6% used [0x0000000080000000,0x0000000080484e58,0x0000000084300000)
 Metaspace       used 15917K, committed 16512K, reserved 1114112K
  class space    used 1658K, committed 1920K, reserved 1048576K
}
Event: 7.008 GC heap before
{Heap before GC invocations=5 (full 0):
 PSYoungGen      total 29696K, used 29537K [0x00000000d5580000, 0x00000000d7680000, 0x0000000100000000)
  eden space 25600K, 99% used [0x00000000d5580000,0x00000000d6e586d0,0x00000000d6e80000)
  from space 4096K, 99% used [0x00000000d7280000,0x00000000d767fd80,0x00000000d7680000)
  to   space 4096K, 0% used [0x00000000d6e80000,0x00000000d6e80000,0x00000000d7280000)
 ParOldGen       total 68608K, used 4627K [0x0000000080000000, 0x0000000084300000, 0x00000000d5580000)
  object space 68608K, 6% used [0x0000000080000000,0x0000000080484e58,0x0000000084300000)
 Metaspace       used 20095K, committed 20736K, reserved 1114112K
  class space    used 1964K, committed 2240K, reserved 1048576K
}
Event: 7.012 GC heap after
{Heap after GC invocations=5 (full 0):
 PSYoungGen      total 29184K, used 4089K [0x00000000d5580000, 0x00000000d7900000, 0x0000000100000000)
  eden space 25088K, 0% used [0x00000000d5580000,0x00000000d5580000,0x00000000d6e00000)
  from space 4096K, 99% used [0x00000000d6e80000,0x00000000d727e4d8,0x00000000d7280000)
  to   space 5632K, 0% used [0x00000000d7380000,0x00000000d7380000,0x00000000d7900000)
 ParOldGen       total 68608K, used 5791K [0x0000000080000000, 0x0000000084300000, 0x00000000d5580000)
  object space 68608K, 8% used [0x0000000080000000,0x00000000805a7c18,0x0000000084300000)
 Metaspace       used 20095K, committed 20736K, reserved 1114112K
  class space    used 1964K, committed 2240K, reserved 1048576K
}
Event: 7.179 GC heap before
{Heap before GC invocations=6 (full 0):
 PSYoungGen      total 29184K, used 23332K [0x00000000d5580000, 0x00000000d7900000, 0x0000000100000000)
  eden space 25088K, 76% used [0x00000000d5580000,0x00000000d684aeb0,0x00000000d6e00000)
  from space 4096K, 99% used [0x00000000d6e80000,0x00000000d727e4d8,0x00000000d7280000)
  to   space 5632K, 0% used [0x00000000d7380000,0x00000000d7380000,0x00000000d7900000)
 ParOldGen       total 68608K, used 5791K [0x0000000080000000, 0x0000000084300000, 0x00000000d5580000)
  object space 68608K, 8% used [0x0000000080000000,0x00000000805a7c18,0x0000000084300000)
 Metaspace       used 20950K, committed 21504K, reserved 1114112K
  class space    used 2010K, committed 2240K, reserved 1048576K
}
Event: 7.182 GC heap after
{Heap after GC invocations=6 (full 0):
 PSYoungGen      total 30720K, used 5549K [0x00000000d5580000, 0x00000000d7900000, 0x0000000100000000)
  eden space 25088K, 0% used [0x00000000d5580000,0x00000000d5580000,0x00000000d6e00000)
  from space 5632K, 98% used [0x00000000d7380000,0x00000000d78eb580,0x00000000d7900000)
  to   space 5632K, 0% used [0x00000000d6e00000,0x00000000d6e00000,0x00000000d7380000)
 ParOldGen       total 68608K, used 5799K [0x0000000080000000, 0x0000000084300000, 0x00000000d5580000)
  object space 68608K, 8% used [0x0000000080000000,0x00000000805a9c18,0x0000000084300000)
 Metaspace       used 20950K, committed 21504K, reserved 1114112K
  class space    used 2010K, committed 2240K, reserved 1048576K
}
Event: 7.182 GC heap before
{Heap before GC invocations=7 (full 1):
 PSYoungGen      total 30720K, used 5549K [0x00000000d5580000, 0x00000000d7900000, 0x0000000100000000)
  eden space 25088K, 0% used [0x00000000d5580000,0x00000000d5580000,0x00000000d6e00000)
  from space 5632K, 98% used [0x00000000d7380000,0x00000000d78eb580,0x00000000d7900000)
  to   space 5632K, 0% used [0x00000000d6e00000,0x00000000d6e00000,0x00000000d7380000)
 ParOldGen       total 68608K, used 5799K [0x0000000080000000, 0x0000000084300000, 0x00000000d5580000)
  object space 68608K, 8% used [0x0000000080000000,0x00000000805a9c18,0x0000000084300000)
 Metaspace       used 20950K, committed 21504K, reserved 1114112K
  class space    used 2010K, committed 2240K, reserved 1048576K
}
Event: 7.199 GC heap after
{Heap after GC invocations=7 (full 1):
 PSYoungGen      total 30720K, used 0K [0x00000000d5580000, 0x00000000d7900000, 0x0000000100000000)
  eden space 25088K, 0% used [0x00000000d5580000,0x00000000d5580000,0x00000000d6e00000)
  from space 5632K, 0% used [0x00000000d7380000,0x00000000d7380000,0x00000000d7900000)
  to   space 5632K, 0% used [0x00000000d6e00000,0x00000000d6e00000,0x00000000d7380000)
 ParOldGen       total 68608K, used 10022K [0x0000000080000000, 0x0000000084300000, 0x00000000d5580000)
  object space 68608K, 14% used [0x0000000080000000,0x00000000809c98c8,0x0000000084300000)
 Metaspace       used 20937K, committed 21504K, reserved 1114112K
  class space    used 2007K, committed 2240K, reserved 1048576K
}

Dll operation events (9 events):
Event: 0.153 Loaded shared library c:\Users\FPTSHOP\.vscode\extensions\redhat.java-1.50.0-win32-x64\jre\21.0.9-win32-x86_64\bin\java.dll
Event: 0.311 Loaded shared library c:\Users\FPTSHOP\.vscode\extensions\redhat.java-1.50.0-win32-x64\jre\21.0.9-win32-x86_64\bin\zip.dll
Event: 0.331 Loaded shared library C:\Users\FPTSHOP\.vscode\extensions\redhat.java-1.50.0-win32-x64\jre\21.0.9-win32-x86_64\bin\instrument.dll
Event: 0.361 Loaded shared library C:\Users\FPTSHOP\.vscode\extensions\redhat.java-1.50.0-win32-x64\jre\21.0.9-win32-x86_64\bin\net.dll
Event: 0.408 Loaded shared library C:\Users\FPTSHOP\.vscode\extensions\redhat.java-1.50.0-win32-x64\jre\21.0.9-win32-x86_64\bin\nio.dll
Event: 0.411 Loaded shared library C:\Users\FPTSHOP\.vscode\extensions\redhat.java-1.50.0-win32-x64\jre\21.0.9-win32-x86_64\bin\zip.dll
Event: 0.432 Loaded shared library C:\Users\FPTSHOP\.vscode\extensions\redhat.java-1.50.0-win32-x64\jre\21.0.9-win32-x86_64\bin\jimage.dll
Event: 0.570 Loaded shared library c:\Users\FPTSHOP\.vscode\extensions\redhat.java-1.50.0-win32-x64\jre\21.0.9-win32-x86_64\bin\verify.dll
Event: 6.028 Loaded shared library C:\Users\FPTSHOP\AppData\Roaming\Code\User\globalStorage\redhat.java\1.50.0\config_ss_win\org.eclipse.equinox.launcher\org.eclipse.equinox.launcher.win32.win32.x86_64_1.2.1400.v20250801-0854\eclipse_11916.dll

Deoptimization events (20 events):
Event: 7.248 Thread 0x000002981a5698e0 Uncommon trap: trap_request=0xffffffc6 fr.pc=0x00000297cb03157c relative=0x0000000000000a7c
Event: 7.248 Thread 0x000002981a5698e0 Uncommon trap: reason=bimorphic_or_optimized_type_check action=maybe_recompile pc=0x00000297cb03157c method=java.util.HashMap.putVal(ILjava/lang/Object;Ljava/lang/Object;ZZ)Ljava/lang/Object; @ 56 c2
Event: 7.248 Thread 0x000002981a5698e0 DEOPT PACKING pc=0x00000297cb03157c sp=0x0000009a371fd900
Event: 7.248 Thread 0x000002981a5698e0 DEOPT UNPACKING pc=0x00000297caa33aa2 sp=0x0000009a371fd800 mode 2
Event: 7.248 Thread 0x000002981a5698e0 Uncommon trap: trap_request=0xffffffc6 fr.pc=0x00000297cb03157c relative=0x0000000000000a7c
Event: 7.248 Thread 0x000002981a5698e0 Uncommon trap: reason=bimorphic_or_optimized_type_check action=maybe_recompile pc=0x00000297cb03157c method=java.util.HashMap.putVal(ILjava/lang/Object;Ljava/lang/Object;ZZ)Ljava/lang/Object; @ 56 c2
Event: 7.248 Thread 0x000002981a5698e0 DEOPT PACKING pc=0x00000297cb03157c sp=0x0000009a371fd900
Event: 7.248 Thread 0x000002981a5698e0 DEOPT UNPACKING pc=0x00000297caa33aa2 sp=0x0000009a371fd800 mode 2
Event: 7.248 Thread 0x000002981a5698e0 Uncommon trap: trap_request=0xffffffc6 fr.pc=0x00000297cb03157c relative=0x0000000000000a7c
Event: 7.248 Thread 0x000002981a5698e0 Uncommon trap: reason=bimorphic_or_optimized_type_check action=maybe_recompile pc=0x00000297cb03157c method=java.util.HashMap.putVal(ILjava/lang/Object;Ljava/lang/Object;ZZ)Ljava/lang/Object; @ 56 c2
Event: 7.248 Thread 0x000002981a5698e0 DEOPT PACKING pc=0x00000297cb03157c sp=0x0000009a371fd900
Event: 7.248 Thread 0x000002981a5698e0 DEOPT UNPACKING pc=0x00000297caa33aa2 sp=0x0000009a371fd800 mode 2
Event: 7.248 Thread 0x000002981a5698e0 Uncommon trap: trap_request=0xffffffc6 fr.pc=0x00000297cb0a2598 relative=0x0000000000000a18
Event: 7.248 Thread 0x000002981a5698e0 Uncommon trap: reason=bimorphic_or_optimized_type_check action=maybe_recompile pc=0x00000297cb0a2598 method=java.util.HashMap.putVal(ILjava/lang/Object;Ljava/lang/Object;ZZ)Ljava/lang/Object; @ 56 c2
Event: 7.248 Thread 0x000002981a5698e0 DEOPT PACKING pc=0x00000297cb0a2598 sp=0x0000009a371fd870
Event: 7.248 Thread 0x000002981a5698e0 DEOPT UNPACKING pc=0x00000297caa33aa2 sp=0x0000009a371fd808 mode 2
Event: 7.259 Thread 0x000002981a5698e0 Uncommon trap: trap_request=0xffffff45 fr.pc=0x00000297cb0a8130 relative=0x00000000000009b0
Event: 7.259 Thread 0x000002981a5698e0 Uncommon trap: reason=unstable_if action=reinterpret pc=0x00000297cb0a8130 method=java.util.regex.Pattern$BmpCharPropertyGreedy.match(Ljava/util/regex/Matcher;ILjava/lang/CharSequence;)Z @ 12 c2
Event: 7.259 Thread 0x000002981a5698e0 DEOPT PACKING pc=0x00000297cb0a8130 sp=0x0000009a371fd4b0
Event: 7.259 Thread 0x000002981a5698e0 DEOPT UNPACKING pc=0x00000297caa33aa2 sp=0x0000009a371fd378 mode 2

Classes loaded (20 events):
Event: 7.433 Loading class sun/nio/cs/DoubleByte$Encoder done
Event: 7.433 Loading class sun/nio/cs/MS1251
Event: 7.433 Loading class sun/nio/cs/MS1251 done
Event: 7.434 Loading class sun/nio/cs/MS1250
Event: 7.434 Loading class sun/nio/cs/MS1250 done
Event: 7.434 Loading class sun/nio/cs/ISO_8859_2
Event: 7.434 Loading class sun/nio/cs/ISO_8859_2 done
Event: 7.437 Loading class sun/nio/cs/ISO_8859_4
Event: 7.437 Loading class sun/nio/cs/ISO_8859_4 done
Event: 7.437 Loading class sun/nio/cs/ISO_8859_5
Event: 7.437 Loading class sun/nio/cs/ISO_8859_5 done
Event: 7.438 Loading class sun/nio/cs/ISO_8859_9
Event: 7.438 Loading class sun/nio/cs/ISO_8859_9 done
Event: 7.438 Loading class sun/nio/cs/ISO_8859_7
Event: 7.438 Loading class sun/nio/cs/ISO_8859_7 done
Event: 7.439 Loading class sun/nio/cs/IBM850
Event: 7.439 Loading class sun/nio/cs/IBM850 done
Event: 7.441 Loading class sun/nio/cs/SJIS
Event: 7.441 Loading class sun/nio/cs/SJIS done
Event: 7.444 Loading class sun/nio/cs/KOI8_R

Classes unloaded (7 events):
Event: 7.184 Thread 0x0000029819140d70 Unloading class 0x00000297d818a000 'java/lang/invoke/LambdaForm$MH+0x00000297d818a000'
Event: 7.184 Thread 0x0000029819140d70 Unloading class 0x00000297d8189c00 'java/lang/invoke/LambdaForm$MH+0x00000297d8189c00'
Event: 7.184 Thread 0x0000029819140d70 Unloading class 0x00000297d8189800 'java/lang/invoke/LambdaForm$MH+0x00000297d8189800'
Event: 7.184 Thread 0x0000029819140d70 Unloading class 0x00000297d8189400 'java/lang/invoke/LambdaForm$MH+0x00000297d8189400'
Event: 7.184 Thread 0x0000029819140d70 Unloading class 0x00000297d8189000 'java/lang/invoke/LambdaForm$BMH+0x00000297d8189000'
Event: 7.184 Thread 0x0000029819140d70 Unloading class 0x00000297d8188c00 'java/lang/invoke/LambdaForm$DMH+0x00000297d8188c00'
Event: 7.184 Thread 0x0000029819140d70 Unloading class 0x00000297d8183800 'java/lang/invoke/LambdaForm$DMH+0x00000297d8183800'

Classes redefined (0 events):
No events

Internal exceptions (20 events):
Event: 6.623 Thread 0x000002981a5698e0 Exception <a 'java/lang/NoSuchMethodError'{0x00000000d5cfff58}: 'java.lang.Object java.lang.invoke.DirectMethodHandle$Holder.invokeSpecial(java.lang.Object, java.lang.Object, java.lang.Object, java.lang.Object, long)'> (0x00000000d5cfff58) 
thrown [s\src\hotspot\share\interpreter\linkResolver.cpp, line 773]
Event: 6.623 Thread 0x000002981a5698e0 Exception <a 'java/lang/NoSuchMethodError'{0x00000000d5d03b78}: 'java.lang.Object java.lang.invoke.Invokers$Holder.linkToTargetMethod(java.lang.Object, java.lang.Object, long, java.lang.Object)'> (0x00000000d5d03b78) 
thrown [s\src\hotspot\share\interpreter\linkResolver.cpp, line 773]
Event: 6.631 Thread 0x000002981a5698e0 Exception <a 'java/lang/NoSuchMethodError'{0x00000000d5d75b48}: 'int java.lang.invoke.DirectMethodHandle$Holder.invokeStaticInit(java.lang.Object, java.lang.Object, java.lang.Object)'> (0x00000000d5d75b48) 
thrown [s\src\hotspot\share\interpreter\linkResolver.cpp, line 773]
Event: 6.642 Thread 0x000002981a5698e0 Exception <a 'java/lang/IncompatibleClassChangeError'{0x00000000d5e0d498}: Found class java.lang.Object, but interface was expected> (0x00000000d5e0d498) 
thrown [s\src\hotspot\share\interpreter\linkResolver.cpp, line 840]
Event: 6.643 Thread 0x000002981a5698e0 Exception <a 'java/lang/NoSuchMethodError'{0x00000000d5e11048}: 'java.lang.Object java.lang.invoke.DirectMethodHandle$Holder.invokeSpecial(java.lang.Object, java.lang.Object, java.lang.Object, int, java.lang.Object, java.lang.Object)'> (0x00000000d5e11048) 
thrown [s\src\hotspot\share\interpreter\linkResolver.cpp, line 773]
Event: 6.645 Thread 0x000002981a5698e0 Exception <a 'java/lang/NoSuchMethodError'{0x00000000d5e26b90}: 'java.lang.Object java.lang.invoke.DirectMethodHandle$Holder.newInvokeSpecial(java.lang.Object, java.lang.Object, java.lang.Object, int, java.lang.Object)'> (0x00000000d5e26b90) 
thrown [s\src\hotspot\share\interpreter\linkResolver.cpp, line 773]
Event: 6.646 Thread 0x000002981a5698e0 Exception <a 'java/lang/NoSuchMethodError'{0x00000000d5e2ab10}: 'java.lang.Object java.lang.invoke.DirectMethodHandle$Holder.invokeSpecial(java.lang.Object, java.lang.Object, java.lang.Object, java.lang.Object, int, java.lang.Object)'> (0x00000000d5e2ab10) 
thrown [s\src\hotspot\share\interpreter\linkResolver.cpp, line 773]
Event: 6.646 Thread 0x000002981a5698e0 Exception <a 'java/lang/NoSuchMethodError'{0x00000000d5e2e650}: 'java.lang.Object java.lang.invoke.Invokers$Holder.linkToTargetMethod(java.lang.Object, java.lang.Object, int, java.lang.Object, java.lang.Object)'> (0x00000000d5e2e650) 
thrown [s\src\hotspot\share\interpreter\linkResolver.cpp, line 773]
Event: 6.648 Thread 0x000002981f099540 Exception <a 'java/lang/NoSuchMethodError'{0x00000000d5d45ef8}: 'java.lang.Object java.lang.invoke.DirectMethodHandle$Holder.invokeSpecial(java.lang.Object, java.lang.Object, int, java.lang.Object, java.lang.Object)'> (0x00000000d5d45ef8) 
thrown [s\src\hotspot\share\interpreter\linkResolver.cpp, line 773]
Event: 6.648 Thread 0x000002981f099540 Exception <a 'java/lang/NoSuchMethodError'{0x00000000d5d4cc30}: 'java.lang.Object java.lang.invoke.DirectMethodHandle$Holder.newInvokeSpecial(java.lang.Object, java.lang.Object, int, java.lang.Object)'> (0x00000000d5d4cc30) 
thrown [s\src\hotspot\share\interpreter\linkResolver.cpp, line 773]
Event: 6.649 Thread 0x000002981f099540 Exception <a 'java/lang/NoSuchMethodError'{0x00000000d5d50510}: 'java.lang.Object java.lang.invoke.DirectMethodHandle$Holder.invokeSpecial(java.lang.Object, java.lang.Object, java.lang.Object, int, java.lang.Object)'> (0x00000000d5d50510) 
thrown [s\src\hotspot\share\interpreter\linkResolver.cpp, line 773]
Event: 6.664 Thread 0x000002981a5698e0 Exception <a 'java/lang/NoSuchMethodError'{0x00000000d5f71b60}: 'void java.lang.invoke.DirectMethodHandle$Holder.invokeSpecial(java.lang.Object, java.lang.Object, java.lang.Object, java.lang.Object, java.lang.Object)'> (0x00000000d5f71b60) 
thrown [s\src\hotspot\share\interpreter\linkResolver.cpp, line 773]
Event: 6.696 Thread 0x000002981a5698e0 Exception <a 'java/lang/NoSuchMethodError'{0x00000000d617ab38}: 'double java.lang.invoke.DirectMethodHandle$Holder.invokeStatic(java.lang.Object, java.lang.Object)'> (0x00000000d617ab38) 
thrown [s\src\hotspot\share\interpreter\linkResolver.cpp, line 773]
Event: 6.696 Thread 0x000002981a5698e0 Exception <a 'java/lang/NoSuchMethodError'{0x00000000d617e1f8}: 'double java.lang.invoke.DirectMethodHandle$Holder.invokeStaticInit(java.lang.Object, java.lang.Object)'> (0x00000000d617e1f8) 
thrown [s\src\hotspot\share\interpreter\linkResolver.cpp, line 773]
Event: 6.944 Thread 0x000002981a5698e0 Implicit null exception at 0x00000297cb08b775 to 0x00000297cb08b850
Event: 7.223 Thread 0x000002981a5698e0 Exception <a 'java/lang/NoSuchMethodError'{0x00000000d56155a8}: 'java.lang.Object java.lang.invoke.DirectMethodHandle$Holder.newInvokeSpecial(java.lang.Object, int, java.lang.Object, java.lang.Object)'> (0x00000000d56155a8) 
thrown [s\src\hotspot\share\interpreter\linkResolver.cpp, line 773]
Event: 7.255 Thread 0x000002981a5698e0 Exception <a 'sun/nio/fs/WindowsException'{0x00000000d58129f8}> (0x00000000d58129f8) 
thrown [s\src\hotspot\share\prims\jni.cpp, line 520]
Event: 7.288 Thread 0x000002981a5698e0 Exception <a 'java/lang/NoSuchMethodError'{0x00000000d59def18}: 'java.lang.Object java.lang.invoke.DirectMethodHandle$Holder.invokeStaticInit(java.lang.Object, int, int, int, int)'> (0x00000000d59def18) 
thrown [s\src\hotspot\share\interpreter\linkResolver.cpp, line 773]
Event: 7.309 Thread 0x000002981a5698e0 Exception <a 'java/lang/NoSuchMethodError'{0x00000000d5a71178}: 'java.lang.Object java.lang.invoke.DirectMethodHandle$Holder.invokeStaticInit(java.lang.Object, java.lang.Object, int, int, int, int)'> (0x00000000d5a71178) 
thrown [s\src\hotspot\share\interpreter\linkResolver.cpp, line 773]
Event: 7.409 Thread 0x000002981a5698e0 Exception <a 'java/lang/ClassNotFoundException'{0x00000000d60337b8}: com/sun/org/apache/xml/internal/serializer/spi/XMLEntitiesProvider> (0x00000000d60337b8) 
thrown [s\src\hotspot\share\classfile\systemDictionary.cpp, line 312]

ZGC Phase Switch (0 events):
No events

VM Operations (20 events):
Event: 6.489 Executing VM operation: ParallelGCFailedAllocation (Allocation Failure)
Event: 6.493 Executing VM operation: ParallelGCFailedAllocation (Allocation Failure) done
Event: 6.535 Executing VM operation: HandshakeAllThreads (Deoptimize)
Event: 6.535 Executing VM operation: HandshakeAllThreads (Deoptimize) done
Event: 6.538 Executing VM operation: HandshakeAllThreads (Deoptimize)
Event: 6.538 Executing VM operation: HandshakeAllThreads (Deoptimize) done
Event: 6.546 Executing VM operation: HandshakeAllThreads (Deoptimize)
Event: 6.546 Executing VM operation: HandshakeAllThreads (Deoptimize) done
Event: 6.785 Executing VM operation: ParallelGCFailedAllocation (Allocation Failure)
Event: 6.787 Executing VM operation: ParallelGCFailedAllocation (Allocation Failure) done
Event: 7.008 Executing VM operation: ParallelGCFailedAllocation (Allocation Failure)
Event: 7.012 Executing VM operation: ParallelGCFailedAllocation (Allocation Failure) done
Event: 7.179 Executing VM operation: CollectForMetadataAllocation (Metadata GC Threshold)
Event: 7.199 Executing VM operation: CollectForMetadataAllocation (Metadata GC Threshold) done
Event: 7.248 Executing VM operation: HandshakeAllThreads (Deoptimize)
Event: 7.248 Executing VM operation: HandshakeAllThreads (Deoptimize) done
Event: 7.320 Executing VM operation: HandshakeAllThreads (Deoptimize)
Event: 7.320 Executing VM operation: HandshakeAllThreads (Deoptimize) done
Event: 7.432 Executing VM operation: HandshakeAllThreads (Deoptimize)
Event: 7.432 Executing VM operation: HandshakeAllThreads (Deoptimize) done

Memory protections (0 events):
No events

Nmethod flushes (0 events):
No events

Events (20 events):
Event: 0.768 Thread 0x00000297c0362a50 Thread added: 0x000002981a147ec0
Event: 1.062 Thread 0x000002981a147ec0 Thread exited: 0x000002981a147ec0
Event: 1.062 Thread 0x00000298192ec540 Thread exited: 0x00000298192ec540
Event: 1.094 Thread 0x00000297c0362a50 Thread added: 0x000002981a581530
Event: 1.417 Thread 0x00000297c0369a40 Thread added: 0x000002981a8b23c0
Event: 1.656 Thread 0x00000297c02b3b20 Thread added: 0x000002981a5dc4d0
Event: 1.867 Thread 0x000002981a8b23c0 Thread exited: 0x000002981a8b23c0
Event: 1.867 Thread 0x000002981a581530 Thread exited: 0x000002981a581530
Event: 5.960 Thread 0x00000297c02b3b20 Thread added: 0x000002981a633b60
Event: 5.963 Thread 0x00000297c02b3b20 Thread added: 0x000002981a5698e0
Event: 6.078 Thread 0x000002981a5698e0 Thread added: 0x000002981a133c90
Event: 6.179 Thread 0x00000297c0369a40 Thread added: 0x000002981a48cd30
Event: 6.179 Thread 0x00000297c0369a40 Thread added: 0x000002981a48d3d0
Event: 6.375 Thread 0x000002981a5698e0 Thread added: 0x000002981a42fc10
Event: 6.625 Thread 0x000002981a5698e0 Thread added: 0x000002981f099540
Event: 6.648 Thread 0x000002981a5698e0 Thread added: 0x000002981f06fcc0
Event: 6.918 Thread 0x000002981a48d3d0 Thread exited: 0x000002981a48d3d0
Event: 7.168 Thread 0x000002981a5698e0 Thread added: 0x000002981f070350
Event: 7.274 Thread 0x000002981f070350 Thread exited: 0x000002981f070350
Event: 7.339 Thread 0x00000297c0369a40 Thread added: 0x0000029820361290


Dynamic libraries:
0x00007ff6ff310000 - 0x00007ff6ff31e000 	c:\Users\FPTSHOP\.vscode\extensions\redhat.java-1.50.0-win32-x64\jre\21.0.9-win32-x86_64\bin\java.exe
0x00007fff4f870000 - 0x00007fff4fa87000 	C:\WINDOWS\SYSTEM32\ntdll.dll
0x00007fff4f750000 - 0x00007fff4f814000 	C:\WINDOWS\System32\KERNEL32.DLL
0x00007fff4c9e0000 - 0x00007fff4cdb3000 	C:\WINDOWS\System32\KERNELBASE.dll
0x00007fff4d1c0000 - 0x00007fff4d2d1000 	C:\WINDOWS\System32\ucrtbase.dll
0x00007fff26220000 - 0x00007fff2623e000 	c:\Users\FPTSHOP\.vscode\extensions\redhat.java-1.50.0-win32-x64\jre\21.0.9-win32-x86_64\bin\VCRUNTIME140.dll
0x00007fff222f0000 - 0x00007fff22308000 	c:\Users\FPTSHOP\.vscode\extensions\redhat.java-1.50.0-win32-x64\jre\21.0.9-win32-x86_64\bin\jli.dll
0x00007fff4e7f0000 - 0x00007fff4e9a1000 	C:\WINDOWS\System32\USER32.dll
0x00007fff3ac00000 - 0x00007fff3ae9b000 	C:\WINDOWS\WinSxS\amd64_microsoft.windows.common-controls_6595b64144ccf1df_6.0.22621.5262_none_2712bde373830908\COMCTL32.dll
0x00007fff4cdc0000 - 0x00007fff4cde6000 	C:\WINDOWS\System32\win32u.dll
0x00007fff4ee80000 - 0x00007fff4ef27000 	C:\WINDOWS\System32\msvcrt.dll
0x00007fff4e7b0000 - 0x00007fff4e7d9000 	C:\WINDOWS\System32\GDI32.dll
0x00007fff4d310000 - 0x00007fff4d432000 	C:\WINDOWS\System32\gdi32full.dll
0x00007fff4cfe0000 - 0x00007fff4d07a000 	C:\WINDOWS\System32\msvcp_win.dll
0x00007fff4ece0000 - 0x00007fff4ed11000 	C:\WINDOWS\System32\IMM32.DLL
0x00007fff3b140000 - 0x00007fff3b14c000 	c:\Users\FPTSHOP\.vscode\extensions\redhat.java-1.50.0-win32-x64\jre\21.0.9-win32-x86_64\bin\vcruntime140_1.dll
0x00007ffef9e60000 - 0x00007ffef9eed000 	c:\Users\FPTSHOP\.vscode\extensions\redhat.java-1.50.0-win32-x64\jre\21.0.9-win32-x86_64\bin\msvcp140.dll
0x00007ffee7270000 - 0x00007ffee8010000 	c:\Users\FPTSHOP\.vscode\extensions\redhat.java-1.50.0-win32-x64\jre\21.0.9-win32-x86_64\bin\server\jvm.dll
0x00007fff4f680000 - 0x00007fff4f731000 	C:\WINDOWS\System32\ADVAPI32.dll
0x00007fff4eb80000 - 0x00007fff4ec27000 	C:\WINDOWS\System32\sechost.dll
0x00007fff4d2e0000 - 0x00007fff4d308000 	C:\WINDOWS\System32\bcrypt.dll
0x00007fff4f560000 - 0x00007fff4f674000 	C:\WINDOWS\System32\RPCRT4.dll
0x00007fff4d500000 - 0x00007fff4d571000 	C:\WINDOWS\System32\WS2_32.dll
0x00007fff4b7f0000 - 0x00007fff4b83d000 	C:\WINDOWS\SYSTEM32\POWRPROF.dll
0x00007fff483f0000 - 0x00007fff48424000 	C:\WINDOWS\SYSTEM32\WINMM.dll
0x00007fff44bd0000 - 0x00007fff44bda000 	C:\WINDOWS\SYSTEM32\VERSION.dll
0x00007fff4b7d0000 - 0x00007fff4b7e3000 	C:\WINDOWS\SYSTEM32\UMPDC.dll
0x00007fff4ba90000 - 0x00007fff4baa8000 	C:\WINDOWS\SYSTEM32\kernel.appcore.dll
0x00007fff18250000 - 0x00007fff1825a000 	c:\Users\FPTSHOP\.vscode\extensions\redhat.java-1.50.0-win32-x64\jre\21.0.9-win32-x86_64\bin\jimage.dll
0x00007fff43de0000 - 0x00007fff44012000 	C:\WINDOWS\SYSTEM32\DBGHELP.DLL
0x00007fff4e410000 - 0x00007fff4e7a3000 	C:\WINDOWS\System32\combase.dll
0x00007fff4e2c0000 - 0x00007fff4e397000 	C:\WINDOWS\System32\OLEAUT32.dll
0x00007fff38b00000 - 0x00007fff38b32000 	C:\WINDOWS\SYSTEM32\dbgcore.DLL
0x00007fff4c960000 - 0x00007fff4c9db000 	C:\WINDOWS\System32\bcryptPrimitives.dll
0x00007fff14190000 - 0x00007fff1419f000 	c:\Users\FPTSHOP\.vscode\extensions\redhat.java-1.50.0-win32-x64\jre\21.0.9-win32-x86_64\bin\instrument.dll
0x00007fff12020000 - 0x00007fff12040000 	c:\Users\FPTSHOP\.vscode\extensions\redhat.java-1.50.0-win32-x64\jre\21.0.9-win32-x86_64\bin\java.dll
0x00007fff4d8f0000 - 0x00007fff4e18d000 	C:\WINDOWS\System32\SHELL32.dll
0x00007fff4d080000 - 0x00007fff4d1bf000 	C:\WINDOWS\System32\wintypes.dll
0x00007fff4a8b0000 - 0x00007fff4b1cd000 	C:\WINDOWS\SYSTEM32\windows.storage.dll
0x00007fff4d610000 - 0x00007fff4d71b000 	C:\WINDOWS\System32\SHCORE.dll
0x00007fff4e250000 - 0x00007fff4e2b6000 	C:\WINDOWS\System32\shlwapi.dll
0x00007fff4c890000 - 0x00007fff4c8bb000 	C:\WINDOWS\SYSTEM32\profapi.dll
0x00007fff0d650000 - 0x00007fff0d668000 	c:\Users\FPTSHOP\.vscode\extensions\redhat.java-1.50.0-win32-x64\jre\21.0.9-win32-x86_64\bin\zip.dll
0x00007fff13f50000 - 0x00007fff13f60000 	C:\Users\FPTSHOP\.vscode\extensions\redhat.java-1.50.0-win32-x64\jre\21.0.9-win32-x86_64\bin\net.dll
0x00007fff488c0000 - 0x00007fff489ec000 	C:\WINDOWS\SYSTEM32\WINHTTP.dll
0x00007fff4bf10000 - 0x00007fff4bf7a000 	C:\WINDOWS\system32\mswsock.dll
0x00007fff0ad30000 - 0x00007fff0ad46000 	C:\Users\FPTSHOP\.vscode\extensions\redhat.java-1.50.0-win32-x64\jre\21.0.9-win32-x86_64\bin\nio.dll
0x00007fff13490000 - 0x00007fff134a0000 	c:\Users\FPTSHOP\.vscode\extensions\redhat.java-1.50.0-win32-x64\jre\21.0.9-win32-x86_64\bin\verify.dll
0x00007ffef7fe0000 - 0x00007ffef8024000 	C:\Users\FPTSHOP\AppData\Roaming\Code\User\globalStorage\redhat.java\1.50.0\config_ss_win\org.eclipse.equinox.launcher\org.eclipse.equinox.launcher.win32.win32.x86_64_1.2.1400.v20250801-0854\eclipse_11916.dll
0x00007fff4d720000 - 0x00007fff4d8c1000 	C:\WINDOWS\System32\ole32.dll
0x00007fff4c170000 - 0x00007fff4c18b000 	C:\WINDOWS\SYSTEM32\CRYPTSP.dll
0x00007fff4b9f0000 - 0x00007fff4ba27000 	C:\WINDOWS\system32\rsaenh.dll
0x00007fff4c000000 - 0x00007fff4c028000 	C:\WINDOWS\SYSTEM32\USERENV.dll
0x00007fff4c160000 - 0x00007fff4c16c000 	C:\WINDOWS\SYSTEM32\CRYPTBASE.dll
0x00007fff4b4a0000 - 0x00007fff4b4cd000 	C:\WINDOWS\SYSTEM32\IPHLPAPI.DLL
0x00007fff4e400000 - 0x00007fff4e409000 	C:\WINDOWS\System32\NSI.dll

JVMTI agents:
c:\Users\FPTSHOP\.vscode\extensions\redhat.java-1.50.0-win32-x64\lombok\lombok-1.18.39-4050.jar path:c:\Users\FPTSHOP\.vscode\extensions\redhat.java-1.50.0-win32-x64\jre\21.0.9-win32-x86_64\bin\instrument.dll, loaded, initialized, instrumentlib options:none

dbghelp: loaded successfully - version: 4.0.5 - missing functions: none
symbol engine: initialized successfully - sym options: 0x614 - pdb path: .;c:\Users\FPTSHOP\.vscode\extensions\redhat.java-1.50.0-win32-x64\jre\21.0.9-win32-x86_64\bin;C:\WINDOWS\SYSTEM32;C:\WINDOWS\WinSxS\amd64_microsoft.windows.common-controls_6595b64144ccf1df_6.0.22621.5262_none_2712bde373830908;c:\Users\FPTSHOP\.vscode\extensions\redhat.java-1.50.0-win32-x64\jre\21.0.9-win32-x86_64\bin\server;C:\Users\FPTSHOP\AppData\Roaming\Code\User\globalStorage\redhat.java\1.50.0\config_ss_win\org.eclipse.equinox.launcher\org.eclipse.equinox.launcher.win32.win32.x86_64_1.2.1400.v20250801-0854

VM Arguments:
jvm_args: --add-modules=ALL-SYSTEM --add-opens=java.base/java.util=ALL-UNNAMED --add-opens=java.base/java.lang=ALL-UNNAMED --add-opens=java.base/sun.nio.fs=ALL-UNNAMED -Declipse.application=org.eclipse.jdt.ls.core.id1 -Dosgi.bundles.defaultStartLevel=4 -Declipse.product=org.eclipse.jdt.ls.core.product -Djava.import.generatesMetadataFilesAtProjectRoot=false -DDetectVMInstallationsJob.disabled=true -Dfile.encoding=utf8 -XX:+UseParallelGC -XX:GCTimeRatio=4 -XX:AdaptiveSizePolicyWeight=90 -Dsun.zip.disableMemoryMapping=true -Xmx2G -Xms100m -Xlog:disable -javaagent:c:\Users\FPTSHOP\.vscode\extensions\redhat.java-1.50.0-win32-x64\lombok\lombok-1.18.39-4050.jar 
java_command: c:\Users\FPTSHOP\.vscode\extensions\redhat.java-1.50.0-win32-x64\server\plugins\org.eclipse.equinox.launcher_1.7.100.v20251111-0406.jar -configuration c:\Users\FPTSHOP\AppData\Roaming\Code\User\globalStorage\redhat.java\1.50.0\config_ss_win -data c:\Users\FPTSHOP\AppData\Roaming\Code\User\workspaceStorage\aea961212af434afa66a73f95d6a1baf\redhat.java\ss_ws --pipe=\\.\pipe\lsp-cb77e1e92c85c82d56438ec963ebd17d-sock
java_class_path (initial): c:\Users\FPTSHOP\.vscode\extensions\redhat.java-1.50.0-win32-x64\server\plugins\org.eclipse.equinox.launcher_1.7.100.v20251111-0406.jar
Launcher Type: SUN_STANDARD

[Global flags]
    uintx AdaptiveSizePolicyWeight                 = 90                                        {product} {command line}
     intx CICompilerCount                          = 4                                         {product} {ergonomic}
    uintx GCTimeRatio                              = 4                                         {product} {command line}
   size_t InitialHeapSize                          = 104857600                                 {product} {command line}
   size_t MaxHeapSize                              = 2147483648                                {product} {command line}
   size_t MaxNewSize                               = 715653120                                 {product} {ergonomic}
   size_t MinHeapDeltaBytes                        = 524288                                    {product} {ergonomic}
   size_t MinHeapSize                              = 104857600                                 {product} {command line}
   size_t NewSize                                  = 34603008                                  {product} {ergonomic}
    uintx NonNMethodCodeHeapSize                   = 5839372                                {pd product} {ergonomic}
    uintx NonProfiledCodeHeapSize                  = 122909434                              {pd product} {ergonomic}
   size_t OldSize                                  = 70254592                                  {product} {ergonomic}
    uintx ProfiledCodeHeapSize                     = 122909434                              {pd product} {ergonomic}
    uintx ReservedCodeCacheSize                    = 251658240                              {pd product} {ergonomic}
     bool SegmentedCodeCache                       = true                                      {product} {ergonomic}
   size_t SoftMaxHeapSize                          = 2147483648                             {manageable} {ergonomic}
     bool UseCompressedOops                        = true                           {product lp64_product} {ergonomic}
     bool UseLargePagesIndividualAllocation        = false                                  {pd product} {ergonomic}
     bool UseParallelGC                            = true                                      {product} {command line}

Logging:
Log output configuration:
 #0: stdout all=off uptime,level,tags foldmultilines=false
 #1: stderr all=off uptime,level,tags foldmultilines=false

Release file:
JAVA_VERSION="21.0.9" 
MODULES="java.base java.compiler java.datatransfer java.xml java.prefs java.desktop java.instrument java.logging java.management java.security.sasl java.naming java.rmi java.management.rmi java.net.http java.scripting java.security.jgss java.transaction.xa java.sql java.sql.rowset java.xml.crypto java.se java.smartcardio jdk.accessibility jdk.internal.jvmstat jdk.attach jdk.charsets jdk.internal.opt jdk.zipfs jdk.compiler jdk.crypto.ec jdk.crypto.cryptoki jdk.crypto.mscapi jdk.dynalink jdk.internal.ed jdk.editpad jdk.hotspot.agent jdk.httpserver jdk.internal.le jdk.internal.vm.ci jdk.internal.vm.compiler jdk.internal.vm.compiler.management jdk.jartool jdk.javadoc jdk.jcmd jdk.management jdk.management.agent jdk.jconsole jdk.jdeps jdk.jdwp.agent jdk.jdi jdk.jfr jdk.jshell jdk.jsobject jdk.jstatd jdk.localedata jdk.management.jfr jdk.naming.dns jdk.naming.rmi jdk.net jdk.nio.mapmode jdk.random jdk.sctp jdk.security.auth jdk.security.jgss jdk.unsupported jdk.unsupported.desktop jdk.xml.dom" 

Environment Variables:
JAVA_HOME=E:\Java\jdk-17\bin
PATH=C:\Program Files\Microsoft MPI\Bin\;C:\Program Files\Common Files\Oracle\Java\javapath;C:\Windows\system32;C:\Windows;C:\Windows\System32\Wbem;C:\Windows\System32\WindowsPowerShell\v1.0\;C:\Windows\System32\OpenSSH\;C:\Program Files (x86)\NVIDIA Corporation\PhysX\Common;C:\Program Files\NVIDIA Corporation\NVIDIA NvDLISR;C:\Program Files\Microsoft SQL Server\Client SDK\ODBC\170\Tools\Binn\;C:\Program Files (x86)\Microsoft SQL Server\150\Tools\Binn\;C:\Program Files\Microsoft SQL Server\150\Tools\Binn\;C:\Program Files\Microsoft SQL Server\150\DTS\Binn\;C:\Program Files\Azure Data Studio\bin;C:\WINDOWS\system32;C:\WINDOWS;C:\WINDOWS\System32\Wbem;C:\WINDOWS\System32\WindowsPowerShell\v1.0\;C:\WINDOWS\System32\OpenSSH\;C:\Program Files\MongoDB\Server\5.0\bin;C:\Program Files\MongoDB\Tools\100\bin;E:\Java\jdk-17\bin;C:\Program Files (x86)\Microsoft SQL Server\160\Tools\Binn\;C:\Program Files\Microsoft SQL Server\160\Tools\Binn\;C:\Program Files\Microsoft SQL Server\160\DTS\Binn\;C:\Program Files (x86)\Microsoft SQL Server\150\DTS\Binn\;C:\Program Files (x86)\Microsoft SQL Server\160\DTS\Binn\;C:\Program Files\nodejs\;C:\Program Files\nodejs;C:\Program Files\Cloudflare\Cloudflare WARP\;C:\Program Files (x86)\Git\cmd;C:\Program Files\dotnet\;E:\Java\jdk-17;E:\cursor\resources\app\bin;C:\Users\FPTSHOP\AppData\Local\Microsoft\WindowsApps;C:\Program Files\Azure Data Studio\bin;C:\Users\FPTSHOP\AppData\Local\Programs\Microsoft VS Code\bin;C:\Users\FPTSHOP\AppData\Local\Programs\mongosh\;C:\Users\FPTSHOP\.dotnet\tools;C:\Users\FPTSHOP\AppData\Roaming\npm;C:\Program Files\nodejs;E:\Antigravity\bin
USERNAME=FPTSHOP
OS=Windows_NT
PROCESSOR_IDENTIFIER=AMD64 Family 25 Model 80 Stepping 0, AuthenticAMD
TMP=C:\Users\FPTSHOP\AppData\Local\Temp
TEMP=C:\Users\FPTSHOP\AppData\Local\Temp




Periodic native trim disabled

---------------  S Y S T E M  ---------------

OS:
 Windows 11 , 64 bit Build 22621 (10.0.22621.5262)
OS uptime: 0 days 1:52 hours

CPU: total 12 (initial active 12) (12 cores per cpu, 2 threads per core) family 25 model 80 stepping 0 microcode 0x0, cx8, cmov, fxsr, ht, mmx, 3dnowpref, sse, sse2, sse3, ssse3, sse4a, sse4.1, sse4.2, popcnt, lzcnt, tsc, tscinvbit, avx, avx2, aes, erms, clmul, bmi1, bmi2, adx, sha, fma, vzeroupper, clflush, clflushopt, rdtscp, rdpid, fsrm, f16c, pku, cet_ss
Processor Information for the first 12 processors :
  Max Mhz: 3301, Current Mhz: 3301, Mhz Limit: 3301

Memory: 4k page, system-wide physical 15724M (5689M free)
TotalPageFile size 19820M (AvailPageFile size 2M)
current process WorkingSet (physical memory assigned to process): 172M, peak: 172M
current process commit charge ("private bytes"): 312M, peak: 313M

vm_info: OpenJDK 64-Bit Server VM (21.0.9+10-LTS) for windows-amd64 JRE (21.0.9+10-LTS), built on 2025-10-21T00:00:00Z by "admin" with unknown MS VC++:1942

END.
